{
  "documents_reviewed": [
    "ADR-001-JARVIS-AGENT-EXECUTION-BOUNDARY.md",
    "CONFORMANCE_TESTS.md",
    "IMPLEMENTATION_BOUNDARIES.md",
    "JARVIS_AGENT_EXECUTION_CONTRACT.md",
    "KNOWN_LIMITATIONS.md",
    "PRODUCTION_ENTRY_CRITERIA.md",
    "SECURITY_FAILURE_MODEL.md",
    "TRACEABILITY.md",
    "agent-execution-contract.yaml"
  ],
  "concept_mentions_examined": 78,
  "prohibitive": 67,
  "adjudicated": 11,
  "unresolved_contradictions": 0,
  "by_concept": {
    "raw_operational_model_output_allowed": 22,
    "model_text_as_tool_result": 9,
    "model_confirmation": 5,
    "permission_bypass": 13,
    "user_fact_as_verified": 7,
    "partial_multi_action": 11,
    "tool_substitution": 11
  }
}
